// Jest Snapshot v1, https://goo.gl/fbAQLP

exports[`should render Header correctly 1`] = `
<header>
  <h1>
    Expensify
  </h1>
  <NavLink
    activeClassName="is-active"
    ariaCurrent="true"
    to="/dashboard"
  >
    Dasboard
  </NavLink>
  <NavLink
    activeClassName="is-active"
    ariaCurrent="true"
    to="/create"
  >
    create Expense
  </NavLink>
  <button>
    Logout
  </button>
</header>
`;
